\BOOKMARK [0][-]{chapter*.1}{\376\377\000D\000o\000c\000u\000m\000e\000n\000t\000\040\000C\000o\000n\000t\000r\000o\000l}{}% 1
\BOOKMARK [0][-]{chapter.1}{\376\377\000G\000i\036\333\000i\000\040\000t\000h\000i\036\307\000u}{}% 2
\BOOKMARK [1][-]{section.1.1}{\376\377\000M\036\345\000c\000\040\001\021\000\355\000c\000h}{chapter.1}% 3
\BOOKMARK [1][-]{section.1.2}{\376\377\000P\000h\036\241\000m\000\040\000v\000i}{chapter.1}% 4
\BOOKMARK [1][-]{section.1.3}{\376\377\000T\000h\000u\036\255\000t\000\040\000n\000g\036\357\000\040\000v\000\340\000\040\000c\000h\036\357\000\040\000v\000i\036\277\000t\000\040\000t\036\257\000t}{chapter.1}% 5
\BOOKMARK [0][-]{chapter.2}{\376\377\000T\036\325\000n\000g\000\040\000q\000u\000a\000n\000\040\000g\000i\036\243\000i\000\040\000p\000h\000\341\000p}{}% 6
\BOOKMARK [1][-]{section.2.1}{\376\377\000M\036\345\000c\000\040\000t\000i\000\352\000u\000\040\000c\036\347\000a\000\040\000g\000i\036\243\000i\000\040\000p\000h\000\341\000p}{chapter.2}% 7
\BOOKMARK [1][-]{section.2.2}{\376\377\000P\000h\036\241\000m\000\040\000v\000i\000\040\000v\000\340\000\040\000t\000r\036\241\000n\000g\000\040\000t\000h\000\341\000i}{chapter.2}% 8
\BOOKMARK [1][-]{section.2.3}{\376\377\000Q\000u\000y\036\277\000t\000\040\001\021\036\313\000n\000h\000\040\000k\000i\036\277\000n\000\040\000t\000r\000\372\000c\000\040\000c\000h\000i\000\040\000p\000h\036\321\000i}{chapter.2}% 9
\BOOKMARK [0][-]{chapter.3}{\376\377\000K\000i\036\277\000n\000\040\000t\000r\000\372\000c\000\040\000h\036\307\000\040\000t\000h\036\321\000n\000g}{}% 10
\BOOKMARK [1][-]{section.3.1}{\376\377\000K\000i\036\277\000n\000\040\000t\000r\000\372\000c\000\040\000l\000o\000g\000i\000c}{chapter.3}% 11
\BOOKMARK [2][-]{subsection.3.1.1}{\376\377\000L\036\333\000p\000\040\000p\000u\000b\000l\000i\000s\000h\000e\000r}{section.3.1}% 12
\BOOKMARK [2][-]{subsection.3.1.2}{\376\377\000L\036\333\000p\000\040\000m\000e\000s\000s\000a\000g\000i\000n\000g}{section.3.1}% 13
\BOOKMARK [2][-]{subsection.3.1.3}{\376\377\000L\036\333\000p\000\040\000t\000h\000u\000\040\000n\000h\036\255\000n\000\040\000v\000\340\000\040\000p\000e\000r\000s\000i\000s\000t\000e\000n\000c\000e}{section.3.1}% 14
\BOOKMARK [2][-]{subsection.3.1.4}{\376\377\000L\036\333\000p\000\040\000q\000u\036\243\000n\000\040\000t\000r\036\313}{section.3.1}% 15
\BOOKMARK [1][-]{section.3.2}{\376\377\000K\000i\036\277\000n\000\040\000t\000r\000\372\000c\000\040\000t\000r\000i\036\303\000n\000\040\000k\000h\000a\000i}{chapter.3}% 16
\BOOKMARK [1][-]{section.3.3}{\376\377\000G\000i\000a\000o\000\040\000d\000i\036\307\000n\000\040\000g\000i\036\357\000a\000\040\000c\000\341\000c\000\040\000t\000h\000\340\000n\000h\000\040\000p\000h\036\247\000n}{chapter.3}% 17
\BOOKMARK [1][-]{section.3.4}{\376\377\000R\000a\000n\000h\000\040\000g\000i\036\333\000i\000\040\000k\000h\000\364\000n\000g\000\040\001\021\036\323\000n\000g\000\040\000b\036\331}{chapter.3}% 18
\BOOKMARK [0][-]{chapter.4}{\376\377\000T\000h\000i\036\277\000t\000\040\000k\036\277\000\040\000t\000h\000\340\000n\000h\000\040\000p\000h\036\247\000n}{}% 19
\BOOKMARK [1][-]{section.4.1}{\376\377\000N\000g\000u\000y\000\352\000n\000\040\000t\036\257\000c\000\040\000p\000h\000\342\000n\000\040\000r\000\343}{chapter.4}% 20
\BOOKMARK [1][-]{section.4.2}{\376\377\000T\000h\000i\036\277\000t\000\040\000k\036\277\000\040\000n\036\331\000i\000\040\000b\036\331\000\040\000t\000h\000e\000o\000\040\000t\000i\036\277\000n\000\040\000t\000r\000\354\000n\000h}{chapter.4}% 21
\BOOKMARK [2][-]{subsection.4.2.1}{\376\377\000F\000i\000r\000m\000w\000a\000r\000e\000\040\000v\000\340\000\040\000s\000i\000m\000u\000l\000a\000t\000o\000r}{section.4.2}% 22
\BOOKMARK [2][-]{subsection.4.2.2}{\376\377\000D\000e\000v\000i\000c\000e\000\040\000M\000o\000n\000i\000t\000o\000r}{section.4.2}% 23
\BOOKMARK [2][-]{subsection.4.2.3}{\376\377\000S\000m\000a\000r\000t\000W\000a\000t\000e\000r\000\040\000A\000d\000m\000i\000n}{section.4.2}% 24
\BOOKMARK [2][-]{subsection.4.2.4}{\376\377\000W\000o\000r\000k\000e\000r\000\040\000.\000N\000E\000T}{section.4.2}% 25
\BOOKMARK [1][-]{section.4.3}{\376\377\000R\000a\000n\000h\000\040\000g\000i\036\333\000i\000\040\000n\000h\036\245\000t\000\040\000q\000u\000\341\000n\000\040\000v\000\340\000\040\000g\000i\000a\000o\000\040\000d\036\313\000c\000h}{chapter.4}% 26
\BOOKMARK [0][-]{chapter.5}{\376\377\000T\000h\000i\036\277\000t\000\040\000k\036\277\000\040\000l\000u\036\323\000n\000g\000\040\000d\036\357\000\040\000l\000i\036\307\000u}{}% 27
\BOOKMARK [1][-]{section.5.1}{\376\377\000L\000u\036\323\000n\000g\000\040\000t\000e\000l\000e\000m\000e\000t\000r\000y\000\040\000c\000h\000u\036\251\000n}{chapter.5}% 28
\BOOKMARK [1][-]{section.5.2}{\376\377\000H\036\343\000p\000\040\001\021\036\323\000n\000g\000\040\000d\036\357\000\040\000l\000i\036\307\000u}{chapter.5}% 29
\BOOKMARK [1][-]{section.5.3}{\376\377\000L\000u\036\323\000n\000g\000\040\000l\036\327\000i\000\040\000c\000\363\000\040\000b\036\261\000n\000g\000\040\000c\000h\036\351\000n\000g}{chapter.5}% 30
\BOOKMARK [1][-]{section.5.4}{\376\377\000C\000\341\000c\000\040\001\021\001\260\036\335\000n\000g\000\040\000d\036\357\000\040\000l\000i\036\307\000u\000\040\000s\000o\000n\000g\000\040\000s\000o\000n\000g}{chapter.5}% 31
\BOOKMARK [0][-]{chapter.6}{\376\377\000T\000h\000i\036\277\000t\000\040\000k\036\277\000\040\000d\036\357\000\040\000l\000i\036\307\000u}{}% 32
\BOOKMARK [1][-]{section.6.1}{\376\377\000N\000g\000u\036\323\000n\000\040\000c\000h\000u\036\251\000n\000\040\000v\000\340\000\040\000p\000h\036\241\000m\000\040\000v\000i}{chapter.6}% 33
\BOOKMARK [1][-]{section.6.2}{\376\377\000C\000h\000u\036\327\000i\000\040\000s\036\337\000\040\000h\036\357\000u\000\040\000n\000g\000h\000i\036\307\000p\000\040\000v\036\345}{chapter.6}% 34
\BOOKMARK [1][-]{section.6.3}{\376\377\000T\000e\000l\000e\000m\000e\000t\000r\000y\000\040\000c\000a\000n\000o\000n\000i\000c\000a\000l}{chapter.6}% 35
\BOOKMARK [1][-]{section.6.4}{\376\377\000R\000\340\000n\000g\000\040\000b\000u\036\331\000c\000\040\000v\000\340\000\040\000i\000n\000d\000e\000x\000\040\001\021\000\341\000n\000g\000\040\000c\000h\000\372\000\040\000\375}{chapter.6}% 36
\BOOKMARK [1][-]{section.6.5}{\376\377\000M\000\364\000\040\000h\000\354\000n\000h\000\040\000q\000u\000a\000n\000\040\000h\036\307}{chapter.6}% 37
\BOOKMARK [1][-]{section.6.6}{\376\377\000S\000c\000h\000e\000m\000a\000\040\000s\000o\000n\000g\000\040\000s\000o\000n\000g\000\040\000v\000\340\000\040\000g\000i\036\333\000i\000\040\000h\036\241\000n\000\040\000x\000\341\000c\000\040\000m\000i\000n\000h}{chapter.6}% 38
\BOOKMARK [0][-]{chapter.7}{\376\377\000T\000h\000i\036\277\000t\000\040\000k\036\277\000\040\000S\000m\000a\000r\000t\000W\000a\000t\000e\000r\000\040\000A\000d\000m\000i\000n}{}% 39
\BOOKMARK [1][-]{section.7.1}{\376\377\000P\000h\036\241\000m\000\040\000v\000i\000\040\000v\000\340\000\040\000c\036\245\000u\000\040\000t\000r\000\372\000c\000\040\000x\036\355\000\040\000l\000\375}{chapter.7}% 40
\BOOKMARK [1][-]{section.7.2}{\376\377\000C\000\341\000c\000\040\000m\000o\000d\000u\000l\000e\000\040\000c\000\363\000\040\000s\000o\000u\000r\000c\000e}{chapter.7}% 41
\BOOKMARK [2][-]{subsection.7.2.1}{\376\377\000A\000u\000t\000h\000e\000n\000t\000i\000c\000a\000t\000i\000o\000n\000\040\000v\000\340\000\040\000h\036\323\000\040\000s\001\241}{section.7.2}% 42
\BOOKMARK [2][-]{subsection.7.2.2}{\376\377\000D\000a\000s\000h\000b\000o\000a\000r\000d}{section.7.2}% 43
\BOOKMARK [2][-]{subsection.7.2.3}{\376\377\000S\036\243\000n\000\040\000p\000h\036\251\000m\000\040\000v\000\340\000\040\000d\000a\000n\000h\000\040\000m\036\345\000c}{section.7.2}% 44
\BOOKMARK [2][-]{subsection.7.2.4}{\376\377\000K\000h\000o\000\040\000v\000\340\000\040\000l\000\364\000\040\000h\000\340\000n\000g}{section.7.2}% 45
\BOOKMARK [2][-]{subsection.7.2.5}{\376\377\000K\000h\000\341\000c\000h\000\040\000h\000\340\000n\000g}{section.7.2}% 46
\BOOKMARK [2][-]{subsection.7.2.6}{\376\377\000H\036\343\000p\000\040\001\021\036\323\000n\000g}{section.7.2}% 47
\BOOKMARK [2][-]{subsection.7.2.7}{\376\377\000T\000h\000i\036\277\000t\000\040\000b\036\313}{section.7.2}% 48
\BOOKMARK [2][-]{subsection.7.2.8}{\376\377\000M\000C\000U\000\040\000v\000\340\000\040\000t\000e\000l\000e\000m\000e\000t\000r\000y}{section.7.2}% 49
\BOOKMARK [2][-]{subsection.7.2.9}{\376\377\000N\000h\000\342\000n\000\040\000v\000i\000\352\000n}{section.7.2}% 50
\BOOKMARK [2][-]{subsection.7.2.10}{\376\377\000H\000o\036\241\000t\000\040\001\021\036\331\000n\000g\000\040\000v\000\340\000\040\000b\036\243\000o\000\040\000t\000r\000\354}{section.7.2}% 51
\BOOKMARK [1][-]{section.7.3}{\376\377\000V\000a\000l\000i\000d\000a\000t\000i\000o\000n\000,\000\040\000t\000r\036\241\000n\000g\000\040\000t\000h\000\341\000i\000\040\000v\000\340\000\040\000g\000i\036\333\000i\000\040\000h\036\241\000n\000\040\000g\000i\000a\000o\000\040\000d\000i\036\307\000n}{chapter.7}% 52
\BOOKMARK [0][-]{chapter.8}{\376\377\000T\000h\000i\036\277\000t\000\040\000k\036\277\000\040\000b\036\243\000o\000\040\000m\036\255\000t}{}% 53
\BOOKMARK [1][-]{section.8.1}{\376\377\000P\000h\036\241\000m\000\040\000v\000i\000\040\001\021\000\341\000n\000h\000\040\000g\000i\000\341}{chapter.8}% 54
\BOOKMARK [1][-]{section.8.2}{\376\377\000B\000i\000\352\000n\000\040\000t\000i\000n\000\040\000c\036\255\000y}{chapter.8}% 55
\BOOKMARK [1][-]{section.8.3}{\376\377\000X\036\355\000\040\000l\000\375\000\040\000t\000h\000\364\000n\000g\000\040\000t\000i\000n\000\040\000n\000h\036\241\000y\000\040\000c\036\243\000m\000\040\000t\000r\000o\000n\000g\000\040\000t\000\340\000i\000\040\000l\000i\036\307\000u}{chapter.8}% 56
\BOOKMARK [0][-]{chapter.9}{\376\377\000C\000\364\000n\000g\000\040\000n\000g\000h\036\307\000\040\000v\000\340\000\040\000p\000h\000i\000\352\000n\000\040\000b\036\243\000n}{}% 57
\BOOKMARK [1][-]{section.9.1}{\376\377\000N\000g\000u\036\323\000n\000\040\000x\000\341\000c\000\040\001\021\036\313\000n\000h\000\040\000p\000h\000i\000\352\000n\000\040\000b\036\243\000n}{chapter.9}% 58
\BOOKMARK [1][-]{section.9.2}{\376\377\000V\000a\000i\000\040\000t\000r\000\362\000\040\000c\000\364\000n\000g\000\040\000n\000g\000h\036\307}{chapter.9}% 59
