\BOOKMARK [0][-]{chapter*.1}{\376\377\000D\000o\000c\000u\000m\000e\000n\000t\000\040\000C\000o\000n\000t\000r\000o\000l}{}% 1
\BOOKMARK [0][-]{chapter*.10}{\376\377\000T\000\363\000m\000\040\000t\036\257\000t\000\040\000g\000i\036\243\000i\000\040\000p\000h\000\341\000p\000\040\000v\000\340\000\040\000c\000\341\000c\000h\000\040\001\021\036\315\000c}{}% 2
\BOOKMARK [0][-]{chapter.1}{\376\377\000G\000i\036\333\000i\000\040\000t\000h\000i\036\307\000u}{}% 3
\BOOKMARK [1][-]{section.1.1}{\376\377\000M\036\345\000c\000\040\001\021\000\355\000c\000h}{chapter.1}% 4
\BOOKMARK [1][-]{section.1.2}{\376\377\000P\000h\036\241\000m\000\040\000v\000i}{chapter.1}% 5
\BOOKMARK [1][-]{section.1.3}{\376\377\000N\000g\000u\036\323\000n\000\040\000b\036\261\000n\000g\000\040\000c\000h\036\351\000n\000g\000\040\000v\000\340\000\040\000n\000g\000u\000y\000\352\000n\000\040\000t\036\257\000c}{chapter.1}% 6
\BOOKMARK [1][-]{section.1.4}{\376\377\001\020\036\321\000i\000\040\000t\001\260\036\343\000n\000g\000\040\000s\036\355\000\040\000d\036\345\000n\000g\000\040\000t\000\340\000i\000\040\000l\000i\036\307\000u}{chapter.1}% 7
\BOOKMARK [1][-]{section.1.5}{\376\377\000T\000h\000u\036\255\000t\000\040\000n\000g\036\357\000\040\000v\000\340\000\040\000c\000h\036\357\000\040\000v\000i\036\277\000t\000\040\000t\036\257\000t}{chapter.1}% 8
\BOOKMARK [1][-]{section.1.6}{\376\377\000T\000\340\000i\000\040\000l\000i\036\307\000u\000\040\000t\000h\000a\000m\000\040\000c\000h\000i\036\277\000u}{chapter.1}% 9
\BOOKMARK [1][-]{section.1.7}{\376\377\000C\036\245\000u\000\040\000t\000r\000\372\000c\000\040\000t\000\340\000i\000\040\000l\000i\036\307\000u}{chapter.1}% 10
\BOOKMARK [0][-]{chapter.2}{\376\377\000T\036\325\000n\000g\000\040\000q\000u\000a\000n\000\040\000g\000i\036\243\000i\000\040\000p\000h\000\341\000p}{}% 11
\BOOKMARK [1][-]{section.2.1}{\376\377\000H\036\307\000\040\000t\000h\036\321\000n\000g\000\040\000g\000i\036\243\000i\000\040\000q\000u\000y\036\277\000t\000\040\000v\000i\036\307\000c\000\040\000g\000\354\000?}{chapter.2}% 12
\BOOKMARK [1][-]{section.2.2}{\376\377\000L\000u\036\323\000n\000g\000\040\000t\000e\000l\000e\000m\000e\000t\000r\000y}{chapter.2}% 13
\BOOKMARK [1][-]{section.2.3}{\376\377\000M\036\345\000c\000\040\000t\000i\000\352\000u\000\040\000v\000\340\000\040\000n\001\003\000n\000g\000\040\000l\036\361\000c\000\040\001\021\000\343\000\040\000c\000\363}{chapter.2}% 14
\BOOKMARK [1][-]{section.2.4}{\376\377\000P\000h\036\241\000m\000\040\000v\000i\000\040\000v\000\340\000\040\000t\000r\036\241\000n\000g\000\040\000t\000h\000\341\000i}{chapter.2}% 15
\BOOKMARK [1][-]{section.2.5}{\376\377\000Q\000u\000y\036\277\000t\000\040\001\021\036\313\000n\000h\000\040\000k\000i\036\277\000n\000\040\000t\000r\000\372\000c\000\040\000c\000h\000i\000\040\000p\000h\036\321\000i}{chapter.2}% 16
\BOOKMARK [0][-]{chapter.3}{\376\377\000K\000i\036\277\000n\000\040\000t\000r\000\372\000c\000\040\000h\036\307\000\040\000t\000h\036\321\000n\000g}{}% 17
\BOOKMARK [1][-]{section.3.1}{\376\377\000K\000i\036\277\000n\000\040\000t\000r\000\372\000c\000\040\000l\000o\000g\000i\000c}{chapter.3}% 18
\BOOKMARK [2][-]{subsection.3.1.1}{\376\377\000L\036\333\000p\000\040\000p\000u\000b\000l\000i\000s\000h\000e\000r}{section.3.1}% 19
\BOOKMARK [2][-]{subsection.3.1.2}{\376\377\000L\036\333\000p\000\040\000m\000e\000s\000s\000a\000g\000i\000n\000g}{section.3.1}% 20
\BOOKMARK [2][-]{subsection.3.1.3}{\376\377\000L\036\333\000p\000\040\000t\000h\000u\000\040\000n\000h\036\255\000n\000\040\000v\000\340\000\040\000p\000e\000r\000s\000i\000s\000t\000e\000n\000c\000e}{section.3.1}% 21
\BOOKMARK [2][-]{subsection.3.1.4}{\376\377\000L\036\333\000p\000\040\000q\000u\036\243\000n\000\040\000t\000r\036\313}{section.3.1}% 22
\BOOKMARK [1][-]{section.3.2}{\376\377\000K\000i\036\277\000n\000\040\000t\000r\000\372\000c\000\040\000t\000r\000i\036\303\000n\000\040\000k\000h\000a\000i}{chapter.3}% 23
\BOOKMARK [1][-]{section.3.3}{\376\377\000G\000i\000a\000o\000\040\000d\000i\036\307\000n\000\040\000g\000i\036\357\000a\000\040\000c\000\341\000c\000\040\000t\000h\000\340\000n\000h\000\040\000p\000h\036\247\000n}{chapter.3}% 24
\BOOKMARK [1][-]{section.3.4}{\376\377\000R\000a\000n\000h\000\040\000g\000i\036\333\000i\000\040\000k\000h\000\364\000n\000g\000\040\001\021\036\323\000n\000g\000\040\000b\036\331}{chapter.3}% 25
\BOOKMARK [0][-]{chapter.4}{\376\377\000T\000h\000i\036\277\000t\000\040\000k\036\277\000\040\000t\000h\000\340\000n\000h\000\040\000p\000h\036\247\000n}{}% 26
\BOOKMARK [1][-]{section.4.1}{\376\377\000N\000g\000u\000y\000\352\000n\000\040\000t\036\257\000c\000\040\000p\000h\000\342\000n\000\040\000r\000\343}{chapter.4}% 27
\BOOKMARK [2][-]{subsection.4.1.1}{\376\377\001\020\000\341\000n\000h\000\040\000g\000i\000\341\000\040\000S\000i\000m\000u\000l\000a\000t\000o\000r}{section.4.1}% 28
\BOOKMARK [1][-]{section.4.2}{\376\377\000T\000h\000i\036\277\000t\000\040\000k\036\277\000\040\000n\036\331\000i\000\040\000b\036\331\000\040\000t\000h\000e\000o\000\040\000t\000i\036\277\000n\000\040\000t\000r\000\354\000n\000h}{chapter.4}% 29
\BOOKMARK [2][-]{subsection.4.2.1}{\376\377\000F\000i\000r\000m\000w\000a\000r\000e\000\040\000v\000\340\000\040\000s\000i\000m\000u\000l\000a\000t\000o\000r}{section.4.2}% 30
\BOOKMARK [2][-]{subsection.4.2.2}{\376\377\000D\000e\000v\000i\000c\000e\000\040\000M\000o\000n\000i\000t\000o\000r}{section.4.2}% 31
\BOOKMARK [2][-]{subsection.4.2.3}{\376\377\000S\000m\000a\000r\000t\000W\000a\000t\000e\000r\000\040\000A\000d\000m\000i\000n}{section.4.2}% 32
\BOOKMARK [2][-]{subsection.4.2.4}{\376\377\000W\000o\000r\000k\000e\000r\000\040\000.\000N\000E\000T}{section.4.2}% 33
\BOOKMARK [1][-]{section.4.3}{\376\377\000R\000a\000n\000h\000\040\000g\000i\036\333\000i\000\040\000n\000h\036\245\000t\000\040\000q\000u\000\341\000n\000\040\000v\000\340\000\040\000g\000i\000a\000o\000\040\000d\036\313\000c\000h}{chapter.4}% 34
\BOOKMARK [0][-]{chapter.5}{\376\377\000T\000h\000i\036\277\000t\000\040\000k\036\277\000\040\000l\000u\036\323\000n\000g\000\040\000d\036\357\000\040\000l\000i\036\307\000u}{}% 35
\BOOKMARK [1][-]{section.5.1}{\376\377\000L\000u\036\323\000n\000g\000\040\000t\000e\000l\000e\000m\000e\000t\000r\000y\000\040\000c\000h\000u\036\251\000n}{chapter.5}% 36
\BOOKMARK [1][-]{section.5.2}{\376\377\000H\036\343\000p\000\040\001\021\036\323\000n\000g\000\040\000d\036\357\000\040\000l\000i\036\307\000u}{chapter.5}% 37
\BOOKMARK [1][-]{section.5.3}{\376\377\000L\000u\036\323\000n\000g\000\040\000l\036\327\000i\000\040\000c\000\363\000\040\000b\036\261\000n\000g\000\040\000c\000h\036\351\000n\000g}{chapter.5}% 38
\BOOKMARK [1][-]{section.5.4}{\376\377\000C\000\341\000c\000\040\001\021\001\260\036\335\000n\000g\000\040\000d\036\357\000\040\000l\000i\036\307\000u\000\040\000s\000o\000n\000g\000\040\000s\000o\000n\000g}{chapter.5}% 39
\BOOKMARK [0][-]{chapter.6}{\376\377\000T\000h\000i\036\277\000t\000\040\000k\036\277\000\040\000d\036\357\000\040\000l\000i\036\307\000u}{}% 40
\BOOKMARK [1][-]{section.6.1}{\376\377\000N\000g\000u\036\323\000n\000\040\000c\000h\000u\036\251\000n\000\040\000v\000\340\000\040\000p\000h\036\241\000m\000\040\000v\000i}{chapter.6}% 41
\BOOKMARK [1][-]{section.6.2}{\376\377\000C\000h\000u\036\327\000i\000\040\000s\036\337\000\040\000h\036\357\000u\000\040\000n\000g\000h\000i\036\307\000p\000\040\000v\036\345}{chapter.6}% 42
\BOOKMARK [1][-]{section.6.3}{\376\377\000T\000e\000l\000e\000m\000e\000t\000r\000y\000\040\000c\000a\000n\000o\000n\000i\000c\000a\000l}{chapter.6}% 43
\BOOKMARK [1][-]{section.6.4}{\376\377\000R\000\340\000n\000g\000\040\000b\000u\036\331\000c\000\040\000v\000\340\000\040\000i\000n\000d\000e\000x\000\040\001\021\000\341\000n\000g\000\040\000c\000h\000\372\000\040\000\375}{chapter.6}% 44
\BOOKMARK [1][-]{section.6.5}{\376\377\000M\000\364\000\040\000h\000\354\000n\000h\000\040\000q\000u\000a\000n\000\040\000h\036\307}{chapter.6}% 45
\BOOKMARK [1][-]{section.6.6}{\376\377\000S\000c\000h\000e\000m\000a\000\040\000s\000o\000n\000g\000\040\000s\000o\000n\000g\000\040\000v\000\340\000\040\000g\000i\036\333\000i\000\040\000h\036\241\000n\000\040\000x\000\341\000c\000\040\000m\000i\000n\000h}{chapter.6}% 46
\BOOKMARK [0][-]{chapter.7}{\376\377\000T\000h\000i\036\277\000t\000\040\000k\036\277\000\040\000t\000\355\000c\000h\000\040\000h\036\343\000p}{}% 47
\BOOKMARK [1][-]{section.7.1}{\376\377\000L\000u\036\323\000n\000g\000\040\000t\000e\000l\000e\000m\000e\000t\000r\000y\000\040\000c\000a\000n\000o\000n\000i\000c\000a\000l}{chapter.7}% 48
\BOOKMARK [1][-]{section.7.2}{\376\377\000C\000a\000t\000a\000l\000o\000g\000u\000e\000\040\001\021\000i\036\303\000m\000\040\000t\000\355\000c\000h\000\040\000h\036\343\000p}{chapter.7}% 49
\BOOKMARK [1][-]{section.7.3}{\376\377\000H\000T\000T\000P\000\040\000v\000\340\000\040\000m\000a\000p\000p\000i\000n\000g\000\040\000d\036\357\000\040\000l\000i\036\307\000u}{chapter.7}% 50
\BOOKMARK [1][-]{section.7.4}{\376\377\000C\000\341\000c\000\040\000n\000h\000\341\000n\000h\000\040\000k\000h\000\364\000n\000g\000\040\000t\001\260\001\241\000n\000g\000\040\000t\000h\000\355\000c\000h}{chapter.7}% 51
\BOOKMARK [0][-]{chapter.8}{\376\377\000T\000h\000i\036\277\000t\000\040\000k\036\277\000\040\000S\000m\000a\000r\000t\000W\000a\000t\000e\000r\000\040\000A\000d\000m\000i\000n}{}% 52
\BOOKMARK [1][-]{section.8.1}{\376\377\000P\000h\036\241\000m\000\040\000v\000i\000\040\000v\000\340\000\040\000c\036\245\000u\000\040\000t\000r\000\372\000c\000\040\000x\036\355\000\040\000l\000\375}{chapter.8}% 53
\BOOKMARK [1][-]{section.8.2}{\376\377\000C\000\341\000c\000\040\000m\000o\000d\000u\000l\000e\000\040\000c\000\363\000\040\000s\000o\000u\000r\000c\000e}{chapter.8}% 54
\BOOKMARK [2][-]{subsection.8.2.1}{\376\377\000A\000u\000t\000h\000e\000n\000t\000i\000c\000a\000t\000i\000o\000n\000\040\000v\000\340\000\040\000h\036\323\000\040\000s\001\241}{section.8.2}% 55
\BOOKMARK [2][-]{subsection.8.2.2}{\376\377\000D\000a\000s\000h\000b\000o\000a\000r\000d}{section.8.2}% 56
\BOOKMARK [2][-]{subsection.8.2.3}{\376\377\000S\036\243\000n\000\040\000p\000h\036\251\000m\000\040\000v\000\340\000\040\000d\000a\000n\000h\000\040\000m\036\345\000c}{section.8.2}% 57
\BOOKMARK [2][-]{subsection.8.2.4}{\376\377\000K\000h\000o\000\040\000v\000\340\000\040\000l\000\364\000\040\000h\000\340\000n\000g}{section.8.2}% 58
\BOOKMARK [2][-]{subsection.8.2.5}{\376\377\000K\000h\000\341\000c\000h\000\040\000h\000\340\000n\000g}{section.8.2}% 59
\BOOKMARK [2][-]{subsection.8.2.6}{\376\377\000H\036\343\000p\000\040\001\021\036\323\000n\000g}{section.8.2}% 60
\BOOKMARK [2][-]{subsection.8.2.7}{\376\377\000T\000h\000i\036\277\000t\000\040\000b\036\313}{section.8.2}% 61
\BOOKMARK [2][-]{subsection.8.2.8}{\376\377\000M\000C\000U\000\040\000v\000\340\000\040\000t\000e\000l\000e\000m\000e\000t\000r\000y}{section.8.2}% 62
\BOOKMARK [2][-]{subsection.8.2.9}{\376\377\000N\000h\000\342\000n\000\040\000v\000i\000\352\000n}{section.8.2}% 63
\BOOKMARK [2][-]{subsection.8.2.10}{\376\377\000H\000o\036\241\000t\000\040\001\021\036\331\000n\000g\000\040\000v\000\340\000\040\000b\036\243\000o\000\040\000t\000r\000\354}{section.8.2}% 64
\BOOKMARK [1][-]{section.8.3}{\376\377\000V\000a\000l\000i\000d\000a\000t\000i\000o\000n\000,\000\040\000t\000r\036\241\000n\000g\000\040\000t\000h\000\341\000i\000\040\000v\000\340\000\040\000g\000i\036\333\000i\000\040\000h\036\241\000n\000\040\000g\000i\000a\000o\000\040\000d\000i\036\307\000n}{chapter.8}% 65
\BOOKMARK [0][-]{chapter.9}{\376\377\000T\000h\000i\036\277\000t\000\040\000k\036\277\000\040\000b\036\243\000o\000\040\000m\036\255\000t}{}% 66
\BOOKMARK [1][-]{section.9.1}{\376\377\000P\000h\036\241\000m\000\040\000v\000i\000\040\001\021\000\341\000n\000h\000\040\000g\000i\000\341}{chapter.9}% 67
\BOOKMARK [1][-]{section.9.2}{\376\377\000B\000i\000\352\000n\000\040\000t\000i\000n\000\040\000c\036\255\000y}{chapter.9}% 68
\BOOKMARK [1][-]{section.9.3}{\376\377\000X\036\355\000\040\000l\000\375\000\040\000t\000h\000\364\000n\000g\000\040\000t\000i\000n\000\040\000n\000h\036\241\000y\000\040\000c\036\243\000m\000\040\000t\000r\000o\000n\000g\000\040\000t\000\340\000i\000\040\000l\000i\036\307\000u}{chapter.9}% 69
\BOOKMARK [0][-]{chapter.10}{\376\377\000V\036\255\000n\000\040\000h\000\340\000n\000h\000\040\000v\000\340\000\040\000x\036\355\000\040\000l\000\375\000\040\000l\036\327\000i}{}% 70
\BOOKMARK [1][-]{section.10.1}{\376\377\000H\000\340\000n\000h\000\040\000v\000i\000\040\000l\036\327\000i\000\040\000t\000h\000e\000o\000\040\000t\000h\000\340\000n\000h\000\040\000p\000h\036\247\000n}{chapter.10}% 71
\BOOKMARK [1][-]{section.10.2}{\376\377\000H\000e\000a\000l\000t\000h\000,\000\040\000l\000o\000g\000g\000i\000n\000g\000\040\000v\000\340\000\040\000q\000u\000a\000n\000\040\000s\000\341\000t}{chapter.10}% 72
\BOOKMARK [1][-]{section.10.3}{\376\377\000R\000u\000n\000b\000o\000o\000k\000\040\000k\000i\036\303\000m\000\040\000t\000r\000a\000\040\000t\036\321\000i\000\040\000t\000h\000i\036\303\000u}{chapter.10}% 73
\BOOKMARK [0][-]{chapter.11}{\376\377\000C\000\364\000n\000g\000\040\000n\000g\000h\036\307\000\040\000v\000\340\000\040\000p\000h\000i\000\352\000n\000\040\000b\036\243\000n}{}% 74
\BOOKMARK [1][-]{section.11.1}{\376\377\000N\000g\000u\036\323\000n\000\040\000x\000\341\000c\000\040\001\021\036\313\000n\000h\000\040\000p\000h\000i\000\352\000n\000\040\000b\036\243\000n}{chapter.11}% 75
\BOOKMARK [1][-]{section.11.2}{\376\377\000V\000a\000i\000\040\000t\000r\000\362\000\040\000c\036\347\000a\000\040\000c\000\341\000c\000\040\000c\000\364\000n\000g\000\040\000n\000g\000h\036\307}{chapter.11}% 76
\BOOKMARK [2][-]{subsection.11.2.1}{\376\377\000F\000i\000r\000m\000w\000a\000r\000e\000\040\000v\000\340\000\040\000E\000S\000P\0003\0002\000\040\000S\000i\000m\000u\000l\000a\000t\000o\000r}{section.11.2}% 77
\BOOKMARK [2][-]{subsection.11.2.2}{\376\377\000H\000i\000v\000e\000M\000Q\000\040\000B\000r\000o\000k\000e\000r}{section.11.2}% 78
\BOOKMARK [2][-]{subsection.11.2.3}{\376\377\000D\000e\000v\000i\000c\000e\000\040\000M\000o\000n\000i\000t\000o\000r}{section.11.2}% 79
\BOOKMARK [2][-]{subsection.11.2.4}{\376\377\000S\000m\000a\000r\000t\000W\000a\000t\000e\000r\000\040\000A\000d\000m\000i\000n}{section.11.2}% 80
\BOOKMARK [2][-]{subsection.11.2.5}{\376\377\000A\000s\000s\000e\000t\000\040\000b\000u\000i\000l\000d\000\040\000v\000\340\000\040\000g\000i\000a\000o\000\040\000d\000i\036\307\000n\000\040\000S\000m\000a\000r\000t\000W\000a\000t\000e\000r\000\040\000A\000d\000m\000i\000n}{section.11.2}% 81
\BOOKMARK [2][-]{subsection.11.2.6}{\376\377\000W\000o\000r\000k\000e\000r\000\040\000.\000N\000E\000T}{section.11.2}% 82
\BOOKMARK [2][-]{subsection.11.2.7}{\376\377\000M\000y\000S\000Q\000L}{section.11.2}% 83
\BOOKMARK [1][-]{section.11.3}{\376\377\000T\036\325\000n\000g\000\040\000h\036\343\000p\000\040\000v\000a\000i\000\040\000t\000r\000\362\000\040\000t\000r\000o\000n\000g\000\040\000l\000u\036\323\000n\000g\000\040\000d\036\357\000\040\000l\000i\036\307\000u}{chapter.11}% 84
\BOOKMARK [0][-]{chapter.12}{\376\377\000T\000h\000i\036\277\000t\000\040\000k\036\277\000\040\000t\000r\000i\036\303\000n\000\040\000k\000h\000a\000i}{}% 85
\BOOKMARK [1][-]{section.12.1}{\376\377\000T\000o\000p\000o\000l\000o\000g\000y\000\040\000t\000h\000e\000o\000\040\000s\000o\000u\000r\000c\000e}{chapter.12}% 86
\BOOKMARK [1][-]{section.12.2}{\376\377\000B\000u\000i\000l\000d\000\040\000v\000\340\000\040\000s\000t\000a\000r\000t\000\040\000c\000\363\000\040\000e\000v\000i\000d\000e\000n\000c\000e}{chapter.12}% 87
\BOOKMARK [1][-]{section.12.3}{\376\377\000C\036\245\000u\000\040\000h\000\354\000n\000h\000\040\000v\000\340\000\040\000t\000h\036\351\000\040\000t\036\361\000\040\000t\000r\000i\036\303\000n\000\040\000k\000h\000a\000i}{chapter.12}% 88
\BOOKMARK [1][-]{section.12.4}{\376\377\000K\000h\000o\036\243\000n\000g\000\040\000t\000r\036\321\000n\000g\000\040\000t\000r\000i\036\303\000n\000\040\000k\000h\000a\000i}{chapter.12}% 89
\BOOKMARK [0][-]{chapter.13}{\376\377\000K\000h\036\243\000\040\000n\001\003\000n\000g\000\040\000m\036\337\000\040\000r\036\331\000n\000g\000\040\000v\000\340\000\040\000h\000i\036\307\000u\000\040\000n\001\003\000n\000g}{}% 90
\BOOKMARK [1][-]{section.13.1}{\376\377\000P\000h\036\241\000m\000\040\000v\000i\000\040\001\021\000\341\000n\000h\000\040\000g\000i\000\341}{chapter.13}% 91
\BOOKMARK [1][-]{section.13.2}{\376\377\000T\000o\000p\000o\000l\000o\000g\000y\000\040\000x\036\355\000\040\000l\000\375\000\040\000h\000i\036\307\000n\000\040\000t\036\241\000i}{chapter.13}% 92
\BOOKMARK [1][-]{section.13.3}{\376\377\000T\036\247\000n\000\040\000s\000u\036\245\000t\000\040\000v\000\340\000\040\000g\000i\036\333\000i\000\040\000h\036\241\000n\000\040\000c\036\245\000u\000\040\000h\000\354\000n\000h}{chapter.13}% 93
\BOOKMARK [1][-]{section.13.4}{\376\377\000Q\000u\000e\000r\000y\000\040\000v\000\340\000\040\000i\000n\000d\000e\000x\000\040\000h\000i\036\307\000n\000\040\000c\000\363}{chapter.13}% 94
\BOOKMARK [1][-]{section.13.5}{\376\377\001\020\000i\036\303\000m\000\040\000n\000g\000h\036\275\000n\000\040\000k\000i\036\277\000n\000\040\000t\000r\000\372\000c\000\040\000c\000\363\000\040\000t\000h\036\303\000\040\000x\000\341\000c\000\040\001\021\036\313\000n\000h\000\040\000t\036\353\000\040\000s\000o\000u\000r\000c\000e}{chapter.13}% 95
\BOOKMARK [0][-]{chapter.14}{\376\377\000T\000r\036\241\000n\000g\000\040\000t\000h\000\341\000i\000\040\000t\000r\000i\036\303\000n\000\040\000k\000h\000a\000i}{}% 96
\BOOKMARK [1][-]{section.14.1}{\376\377\000Q\000u\000y\000\040\001\260\036\333\000c\000\040\000b\036\243\000y\000\040\000t\000r\036\241\000n\000g\000\040\000t\000h\000\341\000i}{chapter.14}% 97
\BOOKMARK [1][-]{section.14.2}{\376\377\000M\000a\000\040\000t\000r\036\255\000n\000\040\000t\000r\036\241\000n\000g\000\040\000t\000h\000\341\000i\000\040\000t\000o\000\340\000n\000\040\000h\036\307\000\040\000t\000h\036\321\000n\000g}{chapter.14}% 98
\BOOKMARK [1][-]{section.14.3}{\376\377\000M\036\351\000c\000\040\000x\000\341\000c\000\040\000m\000i\000n\000h}{chapter.14}% 99
\BOOKMARK [0][-]{chapter.15}{\376\377\000G\000i\036\333\000i\000\040\000h\036\241\000n\000\040\000v\000\340\000\040\000r\036\347\000i\000\040\000r\000o}{}% 100
\BOOKMARK [1][-]{section.15.1}{\376\377\000N\000g\000u\000y\000\352\000n\000\040\000t\036\257\000c\000\040\000g\000h\000i\000\040\000n\000h\036\255\000n}{chapter.15}% 101
\BOOKMARK [1][-]{section.15.2}{\376\377\000I\000n\000c\000o\000n\000s\000i\000s\000t\000e\000n\000c\000y\000\040\000b\036\325\000\040\000s\000u\000n\000g\000\040\000v\000\340\000\040\000m\000i\000t\000i\000g\000a\000t\000i\000o\000n}{chapter.15}% 102
\BOOKMARK [1][-]{section.15.3}{\376\377\000G\000i\036\333\000i\000\040\000h\036\241\000n\000\040\000x\000u\000y\000\352\000n\000\040\000s\000u\036\321\000t}{chapter.15}% 103
\BOOKMARK [0][-]{chapter.16}{\376\377\001\020\036\313\000n\000h\000\040\000h\001\260\036\333\000n\000g\000\040\000p\000h\000\341\000t\000\040\000t\000r\000i\036\303\000n}{}% 104
\BOOKMARK [1][-]{section.16.1}{\376\377\000N\000g\000u\000y\000\352\000n\000\040\000t\036\257\000c\000\040\000r\000o\000a\000d\000m\000a\000p}{chapter.16}% 105
\BOOKMARK [1][-]{section.16.2}{\376\377\001\020\000i\036\301\000u\000\040\000k\000i\036\307\000n\000\040\000x\000\341\000c\000\040\000n\000h\036\255\000n\000\040\000h\000o\000\340\000n\000\040\000t\000h\000\340\000n\000h\000\040\000r\000o\000a\000d\000m\000a\000p}{chapter.16}% 106
\BOOKMARK [0][-]{chapter.17}{\376\377\000K\036\277\000t\000\040\000l\000u\036\255\000n}{}% 107
\BOOKMARK [0][-]{appendix.A}{\376\377\000C\036\245\000u\000\040\000t\000r\000\372\000c\000\040\000r\000e\000p\000o\000s\000i\000t\000o\000r\000y}{}% 108
\BOOKMARK [1][-]{section.A.1}{\376\377\000R\000a\000n\000h\000\040\000g\000i\036\333\000i\000\040\000t\000h\036\361\000c\000\040\000t\000h\000i}{appendix.A}% 109
\BOOKMARK [1][-]{section.A.2}{\376\377\000N\000h\036\255\000n\000\040\000x\000\351\000t\000\040\000c\036\245\000u\000\040\000t\000r\000\372\000c\000\040\000c\000\363\000\040\000b\036\261\000n\000g\000\040\000c\000h\036\351\000n\000g}{appendix.A}% 110
\BOOKMARK [0][-]{appendix.B}{\376\377\000D\000a\000n\000h\000\040\000m\036\345\000c\000\040\000t\000h\000\340\000n\000h\000\040\000p\000h\036\247\000n}{}% 111
\BOOKMARK [1][-]{section.B.1}{\376\377\001\020\000i\036\303\000m\000\040\000k\000h\000\364\000n\000g\000\040\001\021\036\323\000n\000g\000\040\000b\036\331\000\040\036\243\000n\000h\000\040\000h\001\260\036\337\000n\000g\000\040\000i\000n\000v\000e\000n\000t\000o\000r\000y}{appendix.B}% 112
\BOOKMARK [0][-]{appendix.C}{\376\377\000D\000a\000n\000h\000\040\000m\036\345\000c\000\040\000r\000o\000u\000t\000e\000\040\000S\000m\000a\000r\000t\000W\000a\000t\000e\000r\000\040\000A\000d\000m\000i\000n}{}% 113
\BOOKMARK [1][-]{section.C.1}{\376\377\000B\000a\000o\000\040\000p\000h\036\347\000\040\000v\000\340\000\040\001\021\000i\036\301\000u\000\040\000h\001\260\036\333\000n\000g}{appendix.C}% 114
\BOOKMARK [0][-]{appendix.D}{\376\377\000D\000a\000n\000h\000\040\000m\036\345\000c\000\040\000c\001\241\000\040\000s\036\337\000\040\000d\036\357\000\040\000l\000i\036\307\000u}{}% 115
\BOOKMARK [1][-]{section.D.1}{\376\377\000N\000g\000u\036\323\000n\000\040\000m\000i\000g\000r\000a\000t\000i\000o\000n\000\040\000v\000\340\000\040\000c\000o\000n\000s\000u\000m\000e\000r}{appendix.D}% 116
\BOOKMARK [0][-]{appendix.E}{\376\377\001\020\036\267\000c\000\040\000t\036\243\000\040\000M\000Q\000T\000T}{}% 117
\BOOKMARK [1][-]{section.E.1}{\376\377\000T\000h\000\364\000n\000g\000\040\000s\036\321\000\040\000c\000l\000i\000e\000n\000t}{appendix.E}% 118
\BOOKMARK [1][-]{section.E.2}{\376\377\000T\000o\000p\000i\000c\000\040\000v\000\340\000\040\000p\000a\000y\000l\000o\000a\000d}{appendix.E}% 119
\BOOKMARK [1][-]{section.E.3}{\376\377\000C\000\341\000c\000\040\000t\000h\000u\036\331\000c\000\040\000t\000\355\000n\000h\000\040\000k\000h\000\364\000n\000g\000\040\000t\000\354\000m\000\040\000t\000h\036\245\000y}{appendix.E}% 120
\BOOKMARK [0][-]{appendix.F}{\376\377\001\020\036\267\000c\000\040\000t\036\243\000\040\000J\000S\000O\000N\000\040\000v\000\340\000\040\000m\000a\000p\000p\000i\000n\000g\000\040\000t\000e\000l\000e\000m\000e\000t\000r\000y}{}% 121
\BOOKMARK [1][-]{section.F.1}{\376\377\000P\000a\000y\000l\000o\000a\000d\000\040\000c\000a\000n\000o\000n\000i\000c\000a\000l}{appendix.F}% 122
\BOOKMARK [1][-]{section.F.2}{\376\377\000E\000n\000v\000e\000l\000o\000p\000e\000\040\000c\036\347\000a\000\040\000D\000e\000v\000i\000c\000e\000\040\000M\000o\000n\000i\000t\000o\000r}{appendix.F}% 123
\BOOKMARK [1][-]{section.F.3}{\376\377\000A\000P\000I\000\040\000A\000d\000m\000i\000n}{appendix.F}% 124
\BOOKMARK [1][-]{section.F.4}{\376\377\000M\000a\000p\000p\000i\000n\000g\000\040\000e\000n\000d\000-\000t\000o\000-\000e\000n\000d}{appendix.F}% 125
\BOOKMARK [1][-]{section.F.5}{\376\377\000T\000\355\000n\000h\000\040\000t\001\260\001\241\000n\000g\000\040\000t\000h\000\355\000c\000h\000\040\000h\000i\036\307\000n\000\040\000t\036\241\000i}{appendix.F}% 126
\BOOKMARK [0][-]{appendix.G}{\376\377\000B\000i\036\277\000n\000\040\000c\036\245\000u\000\040\000h\000\354\000n\000h}{}% 127
\BOOKMARK [1][-]{section.G.1}{\376\377\000P\000h\000\342\000n\000\040\000b\000i\036\307\000t\000\040\000c\036\245\000u\000\040\000h\000\354\000n\000h\000\040\000v\000\340\000\040\000x\000\341\000c\000\040\000m\000i\000n\000h\000\040\000r\000u\000n\000t\000i\000m\000e}{appendix.G}% 128
\BOOKMARK [0][-]{appendix.H}{\376\377\000B\036\261\000n\000g\000\040\000c\000h\036\351\000n\000g\000\040\000h\000\354\000n\000h\000\040\036\243\000n\000h\000\040\000c\000h\036\315\000n\000\040\000l\036\315\000c}{}% 129
\BOOKMARK [0][-]{appendix.I}{\376\377\000C\000\341\000c\000\040\001\021\000i\036\303\000m\000\040\000k\000h\000\364\000n\000g\000\040\001\021\036\323\000n\000g\000\040\000n\000h\036\245\000t\000\040\001\021\000\343\000\040\000b\000i\036\277\000t}{}% 130
\BOOKMARK [1][-]{section.I.1}{\376\377\000G\000h\000i\000\040\000c\000h\000\372\000\040\000v\036\301\000\040\000t\000h\000a\000y\000\040\000t\000h\036\277\000\040\000t\000h\000i\036\277\000t\000\040\000b\036\313}{appendix.I}% 131
\BOOKMARK [1][-]{section.I.2}{\376\377\000G\000i\036\333\000i\000\040\000h\036\241\000n\000\040\000x\000\341\000c\000\040\000m\000i\000n\000h}{appendix.I}% 132
\BOOKMARK [0][-]{appendix.J}{\376\377\000C\000h\036\311\000\040\000m\036\345\000c\000\040\000b\036\261\000n\000g\000\040\000c\000h\036\351\000n\000g\000\040\000s\000o\000u\000r\000c\000e}{}% 133
\BOOKMARK [1][-]{section.J.1}{\376\377\000G\000i\036\333\000i\000\040\000h\036\241\000n\000\040\000b\036\261\000n\000g\000\040\000c\000h\036\351\000n\000g}{appendix.J}% 134
\BOOKMARK [0][-]{appendix.K}{\376\377\000M\000a\000\040\000t\000r\036\255\000n\000\040\000c\000h\036\351\000c\000\040\000n\001\003\000n\000g\000\040\000S\000m\000a\000r\000t\000W\000a\000t\000e\000r\000\040\000A\000d\000m\000i\000n}{}% 135
\BOOKMARK [1][-]{section.K.1}{\376\377\000C\000\341\000c\000\040\000q\000u\000a\000n\000\040\000h\036\307\000\040\000c\000h\000i\000\040\000p\000h\036\321\000i\000\040\000c\000h\036\351\000c\000\040\000n\001\003\000n\000g}{appendix.K}% 136
