\BOOKMARK [1][-]{section*.3}{\376\377\000L\036\334\000I\000\040\000M\036\336\000\040\001\020\036\246\000U}{}% 1
\BOOKMARK [1][-]{section.1}{\376\377\000G\000i\036\333\000i\000\040\000t\000h\000i\036\307\000u\000\040\000c\000h\000u\000n\000g}{}% 2
\BOOKMARK [2][-]{subsection.1.1}{\376\377\000G\000i\036\333\000i\000\040\000t\000h\000i\036\307\000u\000\040\000v\036\301\000\040\000C\000\364\000n\000g\000\040\000t\000y\000\040\000H\000P\000T}{section.1}% 3
\BOOKMARK [2][-]{subsection.1.2}{\376\377\000V\001\003\000n\000\040\000h\000\363\000a\000\040\000d\000o\000a\000n\000h\000\040\000n\000g\000h\000i\036\307\000p}{section.1}% 4
\BOOKMARK [2][-]{subsection.1.3}{\376\377\000C\001\241\000\040\000c\036\245\000u\000\040\000t\036\325\000\040\000c\000h\036\351\000c}{section.1}% 5
\BOOKMARK [2][-]{subsection.1.4}{\376\377\000G\000i\036\333\000i\000\040\000t\000h\000i\036\307\000u\000\040\000v\036\301\000\040\000n\036\331\000i\000\040\000d\000u\000n\000g\000\040\000t\000h\036\361\000c\000\040\000t\036\255\000p}{section.1}% 6
\BOOKMARK [2][-]{section*.8}{\376\377\000T\000u\036\247\000n\000\040\0001}{section.1}% 7
\BOOKMARK [3][-]{section*.9}{\376\377\0001\000.\0001\000\040\000M\000\364\000\040\000t\036\243\000\040\000c\000\364\000n\000g\000\040\000v\000i\036\307\000c}{section*.8}% 8
\BOOKMARK [0][-]{section*.10}{\376\377\000N\036\331\000i\000\040\000d\000u\000n\000g\000\040\000c\000\364\000n\000g\000\040\000v\000i\036\307\000c}{}% 9
\BOOKMARK [1][-]{section*.11}{\376\377\0001\000.\0002\000\040\000N\036\331\000i\000\040\000d\000u\000n\000g\000\040\000t\000\354\000m\000\040\000h\000i\036\303\000u}{section*.10}% 10
\BOOKMARK [0][-]{section*.12}{\376\377\0001\000.\0002\000.\0001\000\040\000T\036\325\000n\000g\000\040\000q\000u\000a\000n\000\040\000v\036\301\000\040\000q\000u\036\243\000n\000\040\000l\000\375\000\040\000d\036\361\000\040\000\341\000n}{}% 11
\BOOKMARK [0][-]{section*.13}{\376\377\0001\000.\0002\000.\0002\000\040\000Q\000u\000y\000\040\000t\000r\000\354\000n\000h\000\040\000q\000u\036\243\000n\000\040\000l\000\375\000\040\000d\036\361\000\040\000\341\000n\000\040\000t\000h\000e\000o\000\040\000c\000h\000u\036\251\000n\000\040\000C\000M\000M\000I}{}% 12
\BOOKMARK [0][-]{section*.15}{\376\377\0001\000.\0002\000.\0003\000\040\000H\000o\036\241\000c\000h\000\040\001\021\036\313\000n\000h\000\040\000d\036\361\000\040\000\341\000n}{}% 13
\BOOKMARK [0][-]{section*.16}{\376\377\0001\000.\0002\000.\0004\000\040\000A\000g\000i\000l\000e\000\040\000S\000c\000r\000u\000m}{}% 14
\BOOKMARK [0][-]{section*.18}{\376\377\0001\000.\0002\000.\0005\000\040\000Q\000u\000y\000\040\000t\000r\000\354\000n\000h\000\040\000p\000h\036\321\000i\000\040\000h\036\343\000p\000\040\000v\036\333\000i\000\040\000k\000h\000\341\000c\000h\000\040\000h\000\340\000n\000g}{}% 15
\BOOKMARK [0][-]{section*.19}{\376\377\000Q\000u\036\243\000n\000\040\000l\000\375\000\040\000t\000h\000a\000y\000\040\001\021\036\325\000i}{}% 16
\BOOKMARK [0][-]{section*.20}{\376\377\000Q\000u\036\243\000n\000\040\000l\000\375\000\040\000r\036\347\000i\000\040\000r\000o}{}% 17
\BOOKMARK [0][-]{section*.21}{\376\377\001\020\036\243\000m\000\040\000b\036\243\000o\000\040\000c\000h\036\245\000t\000\040\000l\001\260\036\343\000n\000g}{}% 18
\BOOKMARK [0][-]{section*.22}{\376\377\000H\036\327\000\040\000t\000r\036\343\000,\000\040\000t\000r\000i\036\303\000n\000\040\000k\000h\000a\000i\000\040\000v\000\340\000\040\000b\000\340\000n\000\040\000g\000i\000a\000o\000\040}{}% 19
\BOOKMARK [1][-]{section*.23}{\376\377\0001\000.\0003\000\040\000K\036\277\000t\000\040\000q\000u\036\243\000/\000k\000i\036\277\000n\000\040\000t\000h\036\351\000c\000\040\000t\000h\000u\000\040\000h\000o\036\241\000c\000h\000\040}{section*.22}% 20
\BOOKMARK [2][-]{section*.24}{\376\377\000T\000u\036\247\000n\000\040\0002}{section*.23}% 21
\BOOKMARK [3][-]{section*.25}{\376\377\0002\000.\0001\000\040\000M\000\364\000\040\000t\036\243\000\040\000c\000\364\000n\000g\000\040\000v\000i\036\307\000c}{section*.24}% 22
\BOOKMARK [3][-]{section*.26}{\376\377\0002\000.\0002\000\040\000N\000g\000h\000i\000\352\000n\000\040\000c\036\351\000u\000\040\000h\036\323\000\040\000s\001\241\000\040\001\021\036\301\000\040\000x\000u\036\245\000t\000\040\000k\001\051\000\040\000t\000h\000u\036\255\000t}{section*.24}% 23
\BOOKMARK [0][-]{section*.27}{\376\377\000M\036\345\000c\000\040\000t\000i\000\352\000u\000\040\000n\000g\000h\000i\000\352\000n\000\040\000c\036\351\000u}{}% 24
\BOOKMARK [0][-]{section*.28}{\376\377\000P\000h\036\241\000m\000\040\000v\000i\000\040\000n\000g\000h\000i\000\352\000n\000\040\000c\036\351\000u}{}% 25
\BOOKMARK [1][-]{section*.29}{\376\377\0002\000.\0003\000\040\000M\000\364\000\040\000h\000\354\000n\000h\000\040\000t\036\325\000n\000g\000\040\000t\000h\036\303\000\040\000h\036\307\000\040\000t\000h\036\321\000n\000g}{section*.28}% 26
\BOOKMARK [2][-]{section*.31}{\376\377\0002\000.\0004\000\040\000C\000o\000r\000e\000\040\000S\000y\000s\000t\000e\000m}{section*.29}% 27
\BOOKMARK [0][-]{section*.32}{\376\377\000V\000a\000i\000\040\000t\000r\000\362}{}% 28
\BOOKMARK [0][-]{section*.33}{\376\377\000C\000\341\000c\000\040\000p\000h\000\342\000n\000\040\000h\036\307\000\040\000c\000h\000\355\000n\000h}{}% 29
\BOOKMARK [0][-]{section*.34}{\376\377\000M\036\321\000i\000\040\000l\000i\000\352\000n\000\040\000k\036\277\000t\000\040\000g\000i\036\357\000a\000\040\000c\000\341\000c\000\040\000p\000h\000\342\000n\000\040\000h\036\307}{}% 30
\BOOKMARK [1][-]{section*.35}{\376\377\0002\000.\0005\000\040\000O\000m\000n\000i\000c\000h\000a\000n\000n\000e\000l\000\040\000I\000n\000t\000e\000g\000r\000a\000t\000i\000o\000n}{section*.34}% 31
\BOOKMARK [0][-]{section*.36}{\376\377\000V\000a\000i\000\040\000t\000r\000\362}{}% 32
\BOOKMARK [0][-]{section*.37}{\376\377\000N\000h\036\255\000n\000\040\000x\000\351\000t}{}% 33
\BOOKMARK [1][-]{section*.38}{\376\377\0002\000.\0006\000\040\000F\000i\000e\000l\000d\000\040\000S\000e\000r\000v\000i\000c\000e\000\040\000\046\000\040\000I\000o\000T}{section*.37}% 34
\BOOKMARK [0][-]{section*.39}{\376\377\000V\000a\000i\000\040\000t\000r\000\362\000\040\000c\036\347\000a\000\040\000F\000i\000e\000l\000d\000\040\000S\000e\000r\000v\000i\000c\000e\000\040\000v\000\340\000\040\000I\000o\000T}{}% 35
\BOOKMARK [0][-]{section*.40}{\376\377\000K\000i\036\277\000n\000\040\000t\000r\000\372\000c\000\040\000I\000o\000T\000\040\000b\036\321\000n\000\040\000l\036\333\000p}{}% 36
\BOOKMARK [0][-]{section*.41}{\376\377\000Q\000u\000y\000\040\000t\000r\000\354\000n\000h\000\040\000h\036\307\000\040\000t\000h\036\321\000n\000g\000\040\000g\000i\000\341\000m\000\040\000s\000\341\000t\000\040\000m\000\341\000y\000\040\000l\036\315\000c\000\040\000n\001\260\036\333\000c}{}% 37
\BOOKMARK [0][-]{section*.43}{\376\377\000P\000h\000\342\000n\000\040\000t\000\355\000c\000h\000\040\000q\000u\000y\000\040\000t\000r\000\354\000n\000h\000\040\000t\000r\000u\000y\036\301\000n\000\040\000d\036\357\000\040\000l\000i\036\307\000u}{}% 38
\BOOKMARK [0][-]{section*.44}{\376\377\001\020\000\341\000n\000h\000\040\000g\000i\000\341\000\040\000d\001\260\036\333\000i\000\040\000g\000\363\000c\000\040\000n\000h\000\354\000n\000\040\000s\000i\000n\000h\000\040\000v\000i\000\352\000n\000\040\000t\000h\036\361\000c\000\040\000t\036\255\000p}{}% 39
\BOOKMARK [1][-]{section*.45}{\376\377\000T\000u\036\247\000n\000\040\0003}{section*.44}% 40
\BOOKMARK [2][-]{section*.46}{\376\377\0003\000.\0001\000\040\000M\000\364\000\040\000t\036\243\000\040\000c\000\364\000n\000g\000\040\000v\000i\036\307\000c}{section*.45}% 41
\BOOKMARK [3][-]{section*.47}{\376\377\0003\000.\0002\000\040\000T\000h\000i\036\277\000t\000\040\000k\036\277\000\040\000k\000i\036\277\000n\000\040\000t\000r\000\372\000c\000\040\000p\000h\036\247\000n\000\040\000m\036\301\000m}{section*.46}% 42
\BOOKMARK [0][-]{section*.48}{\376\377\0003\000.\0002\000.\0001\000\040\000P\000h\000\342\000n\000\040\000t\000\355\000c\000h\000\040\000b\000\340\000i\000\040\000t\000o\000\341\000n}{}% 43
\BOOKMARK [0][-]{section*.49}{\376\377\0003\000.\0002\000.\0002\000\040\000X\000\341\000c\000\040\001\021\036\313\000n\000h\000\040\000y\000\352\000u\000\040\000c\036\247\000u\000\040\000t\000h\000i\036\277\000t\000\040\000k\036\277}{}% 44
\BOOKMARK [0][-]{section*.50}{\376\377\0003\000.\0002\000.\0003\000\040\001\020\036\301\000\040\000x\000u\036\245\000t\000\040\000g\000i\036\243\000i\000\040\000p\000h\000\341\000p\000\040\000k\000i\036\277\000n\000\040\000t\000r\000\372\000c}{}% 45
\BOOKMARK [0][-]{section*.51}{\376\377\0003\000.\0002\000.\0005\000\040\001\020\000\341\000n\000h\000\040\000g\000i\000\341\000\040\000v\000\340\000\040\000l\036\361\000a\000\040\000c\000h\036\315\000n\000\040\000k\000i\036\277\000n\000\040\000t\000r\000\372\000c\000\040\000p\000h\000\371\000\040\000h\036\343\000p}{}% 46
\BOOKMARK [1][-]{section*.53}{\376\377\0003\000.\0003\000\040\000T\000h\000i\036\277\000t\000\040\000k\036\277\000\040\000D\000e\000v\000i\000c\000e\000\040\000M\000o\000n\000i\000t\000o\000r}{section*.51}% 47
\BOOKMARK [0][-]{section*.54}{\376\377\0003\000.\0003\000.\0001\000\040\000M\036\345\000c\000\040\000t\000i\000\352\000u\000\040\000t\000h\000i\036\277\000t\000\040\000k\036\277}{}% 48
\BOOKMARK [0][-]{section*.55}{\376\377\0003\000.\0003\000.\0002\000\040\000K\000i\036\277\000n\000\040\000t\000r\000\372\000c\000\040\000D\000e\000v\000i\000c\000e\000\040\000M\000o\000n\000i\000t\000o\000r}{}% 49
\BOOKMARK [0][-]{section*.57}{\376\377\0003\000.\0003\000.\0003\000\040\000L\000u\036\323\000n\000g\000\040\000x\036\355\000\040\000l\000\375\000\040\000d\036\357\000\040\000l\000i\036\307\000u}{}% 50
\BOOKMARK [0][-]{section*.58}{\376\377\0003\000.\0003\000.\0004\000\040\000C\000h\036\351\000c\000\040\000n\001\003\000n\000g\000\040\000c\036\347\000a\000\040\000D\000e\000v\000i\000c\000e\000\040\000M\000o\000n\000i\000t\000o\000r}{}% 51
\BOOKMARK [0][-]{section*.59}{\376\377\0003\000.\0003\000.\0005\000\040\001\020\000\341\000n\000h\000\040\000g\000i\000\341\000\040\000t\000h\000i\036\277\000t\000\040\000k\036\277}{}% 52
\BOOKMARK [1][-]{section*.60}{\376\377\0003\000.\0004\000\040\001\020\036\313\000n\000h\000\040\000h\001\260\036\333\000n\000g\000\040\000m\000\364\000\040\000p\000h\036\317\000n\000g\000\040\000S\000m\000a\000r\000t\000W\000a\000t\000e\000r\000\040\000A\000d\000m\000i\000n}{section*.59}% 53
\BOOKMARK [0][-]{section*.61}{\376\377\0003\000.\0004\000.\0001\000\040\000M\036\345\000c\000\040\000t\000i\000\352\000u\000\040\000t\000h\000i\036\277\000t\000\040\000k\036\277}{}% 54
\BOOKMARK [0][-]{section*.62}{\376\377\0003\000.\0004\000.\0002\000\040\000K\000i\036\277\000n\000\040\000t\000r\000\372\000c\000\040\000S\000m\000a\000r\000t\000W\000a\000t\000e\000r\000\040\000A\000d\000m\000i\000n}{}% 55
\BOOKMARK [0][-]{section*.63}{\376\377\0003\000.\0004\000.\0003\000\040\000C\000\341\000c\000\040\000m\000o\000d\000u\000l\000e\000\040\000n\000g\000h\000i\036\307\000p\000\040\000v\036\345}{}% 56
\BOOKMARK [0][-]{section*.64}{\376\377\0003\000.\0004\000.\0004\000\040\000L\000u\036\323\000n\000g\000\040\000x\036\355\000\040\000l\000\375\000\040\000n\000g\000h\000i\036\307\000p\000\040\000v\036\345}{}% 57
\BOOKMARK [0][-]{section*.65}{\376\377\0003\000.\0004\000.\0005\000\040\001\020\000\341\000n\000h\000\040\000g\000i\000\341\000\040\000t\000h\000i\036\277\000t\000\040\000k\036\277}{}% 58
\BOOKMARK [1][-]{section*.66}{\376\377\0003\000.\0005\000\040\001\020\036\313\000n\000h\000\040\000h\001\260\036\333\000n\000g\000\040\000t\036\325\000\040\000c\000h\036\351\000c\000\040\000d\036\357\000\040\000l\000i\036\307\000u}{section*.65}% 59
\BOOKMARK [2][-]{section*.67}{\376\377\0003\000.\0006\000\040\000L\036\361\000a\000\040\000c\000h\036\315\000n\000\040\000c\000\364\000n\000g\000\040\000n\000g\000h\036\307}{section*.66}% 60
\BOOKMARK [0][-]{section*.68}{\376\377\0003\000.\0006\000.\0001\000\040\000M\000Q\000T\000T\000\040\000v\000\340\000\040\000H\000i\000v\000e\000M\000Q}{}% 61
\BOOKMARK [0][-]{section*.69}{\376\377\0003\000.\0006\000.\0002\000\040\000P\000H\000P}{}% 62
\BOOKMARK [0][-]{section*.70}{\376\377\0003\000.\0006\000.\0003\000\040\000L\000a\000r\000a\000v\000e\000l}{}% 63
\BOOKMARK [0][-]{section*.71}{\376\377\0003\000.\0006\000.\0004\000\040\000A\000S\000P\000.\000N\000E\000T\000\040\000C\000o\000r\000e}{}% 64
\BOOKMARK [0][-]{section*.72}{\376\377\0003\000.\0006\000.\0005\000\040\000M\000y\000S\000Q\000L}{}% 65
\BOOKMARK [1][-]{section*.73}{\376\377\000T\000u\036\247\000n\000\040\0004}{section*.72}% 66
\BOOKMARK [2][-]{section*.74}{\376\377\0004\000.\0001\000\040\000M\000\364\000\040\000t\036\243\000\040\000c\000\364\000n\000g\000\040\000v\000i\036\307\000c}{section*.73}% 67
\BOOKMARK [3][-]{section*.75}{\376\377\0004\000.\0002\000\040\000N\036\331\000i\000\040\000d\000u\000n\000g\000\040\000t\000h\036\361\000c\000\040\000h\000i\036\307\000n}{section*.74}% 68
\BOOKMARK [0][-]{section*.76}{\376\377\0004\000.\0002\000.\0001\000\040\000B\036\321\000i\000\040\000c\036\243\000n\000h}{}% 69
\BOOKMARK [0][-]{section*.77}{\376\377\0004\000.\0002\000.\0002\000\040\000K\000h\036\243\000o\000\040\000s\000\341\000t\000\040\000p\000h\036\247\000n\000\040\000c\036\351\000n\000g\000\040\000m\000\341\000y\000\040\000l\036\315\000c\000\040\000n\001\260\036\333\000c}{}% 70
\BOOKMARK [0][-]{section*.78}{\376\377\0004\000.\0002\000.\0003\000\040\000P\000h\000\342\000n\000\040\000t\000\355\000c\000h\000\040\000h\036\307\000\040\000t\000h\036\321\000n\000g\000\040\001\021\000i\036\301\000u\000\040\000k\000h\000i\036\303\000n}{}% 71
\BOOKMARK [0][-]{section*.79}{\376\377\0004\000.\0002\000.\0004\000\040\000P\000h\000\342\000n\000\040\000t\000\355\000c\000h\000\040\000v\036\245\000n\000\040\001\021\036\301}{}% 72
\BOOKMARK [0][-]{section*.80}{\376\377\0004\000.\0002\000.\0005\000\040\001\020\000\341\000n\000h\000\040\000g\000i\000\341\000\040\000c\000\341\000c\000\040\000p\000h\001\260\001\241\000n\000g\000\040\000\341\000n}{}% 73
\BOOKMARK [0][-]{section*.82}{\376\377\0004\000.\0002\000.\0006\000\040\000L\036\361\000a\000\040\000c\000h\036\315\000n\000\040\000g\000i\036\243\000i\000\040\000p\000h\000\341\000p}{}% 74
\BOOKMARK [0][-]{section*.83}{\376\377\0004\000.\0002\000.\0007\000\040\000T\000h\000i\036\277\000t\000\040\000k\036\277\000\040\000g\000i\036\243\000i\000\040\000p\000h\000\341\000p\000\040\000E\000S\000P\0003\0002}{}% 75
\BOOKMARK [0][-]{section*.84}{\376\377\000H\000a\000r\000d\000w\000a\000r\000e\000\040\000I\000n\000t\000e\000r\000f\000a\000c\000e\000\040\000D\000e\000s\000i\000g\000n}{}% 76
\BOOKMARK [0][-]{section*.85}{\376\377\0004\000.\0002\000.\0008\000\040\000T\000\355\000c\000h\000\040\000h\036\343\000p\000\040\000H\000i\000v\000e\000M\000Q}{}% 77
\BOOKMARK [1][-]{section*.86}{\376\377\0004\000.\0003\000\040\000K\036\277\000t\000\040\000q\000u\036\243\000\040\001\021\036\241\000t\000\040\001\021\001\260\036\343\000c}{section*.85}% 78
\BOOKMARK [2][-]{section*.87}{\376\377\000T\000u\036\247\000n\000\040\0005}{section*.86}% 79
\BOOKMARK [3][-]{section*.88}{\376\377\0005\000.\0001\000\040\000M\000\364\000\040\000t\036\243\000\040\000c\000\364\000n\000g\000\040\000v\000i\036\307\000c}{section*.87}% 80
\BOOKMARK [3][-]{section*.89}{\376\377\0005\000.\0002\000\040\000N\036\331\000i\000\040\000d\000u\000n\000g\000\040\000t\000h\036\361\000c\000\040\000h\000i\036\307\000n}{section*.87}% 81
\BOOKMARK [0][-]{section*.90}{\376\377\0005\000.\0002\000.\0001\000\040\000C\000h\000u\036\251\000n\000\040\000b\036\313\000\040\000k\000\352\000n\000h\000\040\000t\000r\000u\000y\036\301\000n\000\040\000d\036\357\000\040\000l\000i\036\307\000u\000\040\000t\036\353\000\040\000t\000h\000i\036\277\000t\000\040\000b\036\313}{}% 82
\BOOKMARK [0][-]{section*.91}{\376\377\0005\000.\0002\000.\0002\000\040\000T\000h\000i\036\277\000t\000\040\000l\036\255\000p\000\040\000t\000r\000u\000y\036\301\000n\000\040\000t\000h\000\364\000n\000g\000\040\036\325\000n\000\040\001\021\036\313\000n\000h}{}% 83
\BOOKMARK [0][-]{section*.92}{\376\377\0005\000.\0002\000.\0003\000\040\000C\000h\000u\036\251\000n\000\040\000h\000\363\000a\000\040\000t\000h\000\364\000n\000g\000\040\000t\000i\000n\000\040\000g\000i\000\341\000m\000\040\000s\000\341\000t}{}% 84
\BOOKMARK [0][-]{section*.93}{\376\377\0005\000.\0002\000.\0004\000\040\000K\000i\036\303\000m\000\040\000t\000r\000a\000\040\000q\000u\000\341\000\040\000t\000r\000\354\000n\000h\000\040\000t\000r\000u\000y\036\301\000n\000\040\000d\036\357\000\040\000l\000i\036\307\000u}{}% 85
\BOOKMARK [1][-]{section*.94}{\376\377\0005\000.\0003\000\040\000K\036\277\000t\000\040\000q\000u\036\243\000\040\001\021\036\241\000t\000\040\001\021\001\260\036\343\000c\000\040\000v\000\340\000\040\000k\036\371\000\040\000n\001\003\000n\000g\000\040\000t\000\355\000c\000h\000\040\000l\001\151\000y}{section*.93}% 86
\BOOKMARK [2][-]{section*.95}{\376\377\000T\000u\036\247\000n\000\040\0006}{section*.94}% 87
\BOOKMARK [3][-]{section*.96}{\376\377\0006\000.\0001\000\040\000M\000\364\000\040\000t\036\243\000\040\000c\000\364\000n\000g\000\040\000v\000i\036\307\000c}{section*.95}% 88
\BOOKMARK [3][-]{section*.97}{\376\377\0006\000.\0002\000\040\000N\036\331\000i\000\040\000d\000u\000n\000g\000\040\000t\000h\036\361\000c\000\040\000h\000i\036\307\000n}{section*.95}% 89
\BOOKMARK [0][-]{section*.98}{\376\377\0006\000.\0002\000.\0001\000\040\000T\000\355\000c\000h\000\040\000h\036\343\000p\000\040\000l\000u\036\323\000n\000g\000\040\000d\036\357\000\040\000l\000i\036\307\000u\000\040\000g\000i\000\341\000m\000\040\000s\000\341\000t}{}% 90
\BOOKMARK [0][-]{section*.100}{\376\377\0006\000.\0002\000.\0002\000\040\000T\000i\036\277\000p\000\040\000n\000h\036\255\000n\000\040\000d\036\357\000\040\000l\000i\036\307\000u\000\040\000v\000\340\000\040\000k\000i\036\303\000m\000\040\000t\000r\000a\000\040\000k\036\277\000t\000\040\000n\036\321\000i}{}% 91
\BOOKMARK [0][-]{section*.101}{\376\377\0006\000.\0002\000.\0003\000\040\000L\001\260\000u\000\040\000t\000r\036\357\000\040\000v\000\340\000\040\000l\000i\000\352\000n\000\040\000k\036\277\000t\000\040\000t\000h\000\364\000n\000g\000\040\000t\000i\000n\000\040\000v\036\255\000n\000\040\000h\000\340\000n\000h}{}% 92
\BOOKMARK [0][-]{section*.102}{\376\377\0006\000.\0002\000.\0004\000\040\000X\000\342\000y\000\040\000d\036\361\000n\000g\000\040\000g\000i\000a\000o\000\040\000d\000i\036\307\000n\000\040\000g\000i\000\341\000m\000\040\000s\000\341\000t}{}% 93
\BOOKMARK [0][-]{section*.103}{\376\377\0006\000.\0002\000.\0005\000\040\000H\000o\000\340\000n\000\040\000t\000h\000i\036\307\000n\000\040\000t\000r\036\243\000i\000\040\000n\000g\000h\000i\036\307\000m\000\040\000v\036\255\000n\000\040\000h\000\340\000n\000h}{}% 94
\BOOKMARK [0][-]{section*.104}{\376\377\0006\000.\0002\000.\0006\000\040\000M\000\364\000\040\000p\000h\036\317\000n\000g\000\040\036\351\000n\000g\000\040\000d\036\345\000n\000g\000\040\000q\000u\036\243\000n\000\040\000t\000r\036\313\000\040\000S\000m\000a\000r\000t\000W\000a\000t\000e\000r}{}% 95
\BOOKMARK [0][-]{section*.105}{\376\377\0006\000.\0002\000.\0006\000.\0001\000\040\000X\000\341\000c\000\040\000t\000h\036\361\000c\000\040\000v\000\340\000\040\000d\000a\000s\000h\000b\000o\000a\000r\000d\000\040\000t\036\325\000n\000g\000\040\000q\000u\000a\000n}{}% 96
\BOOKMARK [0][-]{section*.108}{\376\377\0006\000.\0002\000.\0006\000.\0002\000\040\000Q\000u\036\243\000n\000\040\000l\000\375\000\040\000d\000a\000n\000h\000\040\000m\036\345\000c\000,\000\040\000s\036\243\000n\000\040\000p\000h\036\251\000m\000\040\000v\000\340\000\040\000k\000h\000o}{}% 97
\BOOKMARK [0][-]{section*.112}{\376\377\0006\000.\0002\000.\0006\000.\0003\000\040\000Q\000u\036\243\000n\000\040\000l\000\375\000\040\000k\000h\000\341\000c\000h\000\040\000h\000\340\000n\000g\000\040\000v\000\340\000\040\000h\036\343\000p\000\040\001\021\036\323\000n\000g}{}% 98
\BOOKMARK [0][-]{section*.116}{\376\377\0006\000.\0002\000.\0006\000.\0004\000\040\000Q\000u\036\243\000n\000\040\000l\000\375\000\040\000t\000h\000i\036\277\000t\000\040\000b\036\313\000\040\000v\000\340\000\040\000g\000i\000\341\000m\000\040\000s\000\341\000t\000\040\000v\036\255\000n\000\040\000h\000\340\000n\000h}{}% 99
\BOOKMARK [0][-]{section*.120}{\376\377\0006\000.\0002\000.\0006\000.\0005\000\040\000H\036\327\000\040\000t\000r\036\343\000\040\000v\036\255\000n\000\040\000h\000\340\000n\000h\000\040\000v\000\340\000\040\000h\036\323\000\040\000s\001\241\000\040\000n\000g\001\260\036\335\000i\000\040\000d\000\371\000n\000g}{}% 100
\BOOKMARK [1][-]{section*.124}{\376\377\0006\000.\0003\000\040\000K\036\277\000t\000\040\000q\000u\036\243\000\040\001\021\036\241\000t\000\040\001\021\001\260\036\343\000c\000\040\000v\000\340\000\040\000k\036\371\000\040\000n\001\003\000n\000g\000\040\000t\000\355\000c\000h\000\040\000l\001\151\000y}{section*.120}% 101
\BOOKMARK [2][-]{section*.126}{\376\377\000T\000u\036\247\000n\000\040\0007}{section*.124}% 102
\BOOKMARK [3][-]{section*.127}{\376\377\0007\000.\0001\000\040\000M\000\364\000\040\000t\036\243\000\040\000c\000\364\000n\000g\000\040\000v\000i\036\307\000c}{section*.126}% 103
\BOOKMARK [3][-]{section*.128}{\376\377\0007\000.\0002\000\040\000N\036\331\000i\000\040\000d\000u\000n\000g\000\040\000t\000h\036\361\000c\000\040\000h\000i\036\307\000n}{section*.126}% 104
\BOOKMARK [0][-]{section*.129}{\376\377\0007\000.\0002\000.\0001\000\040\000K\000i\036\303\000m\000\040\000t\000r\000a\000\040\000l\000u\036\323\000n\000g\000\040\000v\036\255\000n\000\040\000h\000\340\000n\000h\000\040\000t\036\325\000n\000g\000\040\000t\000h\036\303}{}% 105
\BOOKMARK [0][-]{section*.131}{\376\377\0007\000.\0002\000.\0002\000\040\000H\000o\000\340\000n\000\040\000t\000h\000i\036\307\000n\000\040\000c\000h\036\351\000c\000\040\000n\001\003\000n\000g\000\040\000g\000i\000\341\000m\000\040\000s\000\341\000t}{}% 106
\BOOKMARK [0][-]{section*.133}{\376\377\0007\000.\0002\000.\0003\000\040\000M\000\364\000\040\000p\000h\036\317\000n\000g\000\040\000c\000\341\000c\000\040\000p\000h\000\342\000n\000\040\000h\036\307\000\040\000q\000u\036\243\000n\000\040\000t\000r\036\313}{}% 107
\BOOKMARK [0][-]{section*.135}{\376\377\0007\000.\0002\000.\0004\000\040\000R\000\340\000\040\000s\000o\000\341\000t\000\040\000h\000i\036\307\000u\000\040\000q\000u\036\243\000\040\000v\036\255\000n\000\040\000h\000\340\000n\000h}{}% 108
\BOOKMARK [1][-]{section*.136}{\376\377\0007\000.\0003\000\040\000K\036\277\000t\000\040\000q\000u\036\243\000\040\001\021\036\241\000t\000\040\001\021\001\260\036\343\000c\000,\000\040\000k\036\371\000\040\000n\001\003\000n\000g\000\040\000v\000\340\000\040\001\021\036\313\000n\000h\000\040\000h\001\260\036\333\000n\000g}{section*.135}% 109
\BOOKMARK [2][-]{section*.137}{\376\377\0007\000.\0004\000\040\000K\036\277\000t\000\040\000l\000u\036\255\000n\000\040\000v\000\340\000\040\001\021\036\313\000n\000h\000\040\000h\001\260\036\333\000n\000g\000\040\000p\000h\000\341\000t\000\040\000t\000r\000i\036\303\000n}{section*.136}% 110
